// Jest Snapshot v1, https://goo.gl/fbAQLP

exports[`renders correctly 1`] = `
<div
  className="Calculate"
>
  <h3
    className="mathHeader"
  >
    Let's do some math!
  </h3>
  <div
    className="App"
  >
    <div
      className="main"
    >
      <form
        className="screen"
      >
        <input
          className="input"
          disabled={true}
          maxLength={12}
          value="
  0"
        />
      </form>
      <button
        className="btn light-gray"
        id="AC"
        onClick={[Function]}
        type="button"
      >
        AC
      </button>
      <button
        className="btn light-gray"
        id="+/-"
        onClick={[Function]}
        type="button"
      >
        +/-
      </button>
      <button
        className="btn light-gray"
        id="%"
        onClick={[Function]}
        type="button"
      >
        %
      </button>
      <button
        className="btn orange"
        id="รท"
        onClick={[Function]}
        type="button"
      >
        รท
      </button>
      <button
        className="btn"
        id="7"
        onClick={[Function]}
        type="button"
      >
        7
      </button>
      <button
        className="btn"
        id="8"
        onClick={[Function]}
        type="button"
      >
        8
      </button>
      <button
        className="btn"
        id="9"
        onClick={[Function]}
        type="button"
      >
        9
      </button>
      <button
        className="btn orange"
        id="X"
        onClick={[Function]}
        type="button"
      >
        x
      </button>
      <button
        className="btn"
        id="4"
        onClick={[Function]}
        type="button"
      >
        4
      </button>
      <button
        className="btn"
        id="5"
        onClick={[Function]}
        type="button"
      >
        5
      </button>
      <button
        className="btn"
        id="6"
        onClick={[Function]}
        type="button"
      >
        6
      </button>
      <button
        className="btn orange"
        id="-"
        onClick={[Function]}
        type="button"
      >
        -
      </button>
      <button
        className="btn"
        id="1"
        onClick={[Function]}
        type="button"
      >
        1
      </button>
      <button
        className="btn"
        id="2"
        onClick={[Function]}
        type="button"
      >
        2
      </button>
      <button
        className="btn"
        id="3"
        onClick={[Function]}
        type="button"
      >
        3
      </button>
      <button
        className="btn orange"
        id="+"
        onClick={[Function]}
        type="button"
      >
        +
      </button>
      <button
        className="btn zero"
        id="0"
        onClick={[Function]}
        type="button"
      >
        0
      </button>
      <button
        className="btn"
        id="dot"
        onClick={[Function]}
        type="button"
      >
        .
      </button>
      <button
        className="btn orange"
        id="="
        onClick={[Function]}
        type="button"
      >
        =
      </button>
    </div>
  </div>
</div>
`;
